# serializer version: 1
# name: test_get_inspiration_filters
  BringInspirationFiltersResponse(filters=[InspirationFilter(id='allContent', name='All', isSpecial=False, tags=['all'], campaign='allContent', isPromoted=False, isAd=False, backgroundColor=None, foregroundColor=None, imageUrl=None), InspirationFilter(id='yourContent', name='My recipes', isSpecial=False, tags=['mine'], campaign='yourContent', isPromoted=False, isAd=False, backgroundColor=None, foregroundColor=None, imageUrl=None), InspirationFilter(id='myChefkochRecipes', name='Chefkoch-Sammlung', isSpecial=False, tags=['chefkoch.de'], campaign='myChefkochRecipes', isPromoted=False, isAd=False, backgroundColor=None, foregroundColor=None, imageUrl=None)])
# ---
# name: test_get_inspirations
  BringInspirationsResponse(entries=[Inspiration(template_type=<TemplateType.RECIPE: 'RECIPE'>, content=BringTemplate(name='Erdbeeren mit Balsamico', author='Chefkoch', tagline=None, linkOutUrl='https://www.chefkoch.de/rezepte/1950311317199396/Erdbeeren-mit-Balsamico.html', imageUrl='https://img.chefkoch-cdn.de/rezepte/1950311317199396/bilder/921233/crop-960x720/erdbeeren-mit-balsamico.jpg', imageWidth=960, imageHeight=720, items=[], requestQuantity=None, baseQuantity=None, time=None, ingredients=[], likeCount=1, tags=['all', 'mine', 'bring_recipe_parser', 'Frühling', 'chefkoch.de', 'type_recipe', 'einfach', 'Früchte', 'Dessert', 'Schnell', 'Salat', 'Beilage', 'Sommer'], enableQuantityChange=True, uuid='2317b635-1004-426c-939c-b883200e6143', contentUuid='1f80e479-f04b-4dfa-98fb-bee670536fe8', contentVersion=1, campaign='Erdbeeren mit Balsamico', title='Erdbeeren mit Balsamico', importCount=0, template_type=<TemplateType.RECIPE: 'RECIPE'>, isPromoted=False, isAd=False, contentSrcUrl='https://api.getbring.com/rest/v2/bringtemplates/content/1f80e479-f04b-4dfa-98fb-bee670536fe8', attribution='Chefkoch', attributionSubtitle='', attributionIcon='')), Inspiration(template_type=<TemplateType.RECIPE: 'RECIPE'>, content=BringTemplate(name='Erdnusspfanne', author='irghjeriognheroghibnerg', tagline=None, linkOutUrl='https://www.chefkoch.de/rezepte/3844601585665452/Erdnusspfanne.html', imageUrl='https://img.chefkoch-cdn.de/rezepte/3844601585665452/bilder/1296333/crop-960x720/erdnusspfanne.jpg', imageWidth=960, imageHeight=720, items=[], requestQuantity=None, baseQuantity=None, time=None, ingredients=[], likeCount=45, tags=['all', 'mine', 'bring_recipe_parser', 'chefkoch.de', 'Pilze', 'type_recipe', 'Hauptspeise', 'einfach', 'vegan', 'Schnell', 'vegetarisch', 'Gemüse', 'gekocht'], enableQuantityChange=True, uuid='0d1d68e7-b3d5-4a14-889e-2244d4995342', contentUuid='9ec60716-ca6b-4511-ae78-925325c64e26', contentVersion=1, campaign='Erdnusspfanne', title='Erdnusspfanne', importCount=0, template_type=<TemplateType.RECIPE: 'RECIPE'>, isPromoted=False, isAd=False, contentSrcUrl='https://api.getbring.com/rest/v2/bringtemplates/content/9ec60716-ca6b-4511-ae78-925325c64e26', attribution='irghjeriognheroghibnerg', attributionSubtitle='', attributionIcon=''))], count=8, total=8)
# ---
