# serializer version: 1
# name: test_get_all_user_settings
  BringUserSettingsResponse(usersettings=[BringUserSettingsEntry(key='autoPush', value='ON'), BringUserSettingsEntry(key='purchaseStyle', value='grouped'), BringUserSettingsEntry(key='premiumHideSponsoredCategories', value='OFF'), BringUserSettingsEntry(key='premiumHideInspirationsBadge', value='OFF'), BringUserSettingsEntry(key='premiumHideOffersBadge', value='OFF'), BringUserSettingsEntry(key='premiumHideOffersOnMain', value='OFF'), BringUserSettingsEntry(key='defaultListUUID', value='xxxxxxxx-xxxx-xxxx-xxxx-xxxxxxxx'), BringUserSettingsEntry(key='discountActivatorOnMainEnabled', value='OFF'), BringUserSettingsEntry(key='onboardClient', value='android')], userlistsettings=[BringUserListSettingEntry(listUuid='00000000-0000-0000-0000-000000000000', usersettings=[BringUserSettingsEntry(key='listSectionOrder', value='["Früchte & Gemüse","Brot & Gebäck","Milch & Käse","Fleisch & Fisch","Zutaten & Gewürze","Fertig- & Tiefkühlprodukte","Getreideprodukte","Snacks & Süsswaren","Getränke & Tabak","Haushalt & Gesundheit","Pflege & Gesundheit","Tierbedarf","Baumarkt & Garten","Eigene Artikel"]'), BringUserSettingsEntry(key='listArticleLanguage', value='de-DE')])])
# ---
