# serializer version: 1
# name: test_login
  BringAuthResponse(uuid='00000000-0000-0000-0000-000000000000', publicUuid='00000000-0000-0000-0000-000000000000', bringListUUID='00000000-0000-0000-0000-000000000000', access_token='ACCESS_TOKEN', refresh_token='REFRESH_TOKEN', token_type='Bearer', expires_in=604799, photoPath='', email='EMAIL', name='NAME')
# ---
