# serializer version: 1
# name: test_get_lists_users
  BringUsersResponse(users=[BringUser(publicUuid='98615d7e-0a7d-4a7e-8f73-a9cbb9f1bc32', pushEnabled=True, plusTryOut=False, plusExpiry=None, country='DE', language='de', name='NAME', email='EMAIL', photoPath=''), BringUser(publicUuid='73af455f-c158-4004-a5e0-79f4f8a6d4bd', pushEnabled=True, plusTryOut=False, plusExpiry=None, country='US', language='en', name='NAME', email='EMAIL', photoPath=''), BringUser(publicUuid='7d5e9d08-877a-4c36-8740-a9bf74ec690a', pushEnabled=True, plusTryOut=False, plusExpiry=None, country='US', language='en', name=None, email=None, photoPath=None), BringUser(publicUuid='7520a9a0-c545-4bf1-a311-37e89f19a879', pushEnabled=True, plusTryOut=False, plusExpiry=datetime.datetime(2017, 6, 1, 0, 0, tzinfo=datetime.timezone.utc), country='CH', language='de', name=None, email=None, photoPath=None)])
# ---
