# serializer version: 1
# name: test_load_file
  dict({
    'Abfallsäcke': 'Abfallsäcke',
    'Abwaschmittel': 'Abwaschmittel',
    'Adventskalender': 'Adventskalender',
    'Ahornsirup': 'Ahornsirup',
    'Alufolie': 'Alufolie',
    'Ananas': 'Ananas',
    'Anis': 'Anis',
    'Apfelmus': 'Apfelmus',
    'Apfelsaft': 'Apfelsaft',
    'Aprikosen': 'Aprikosen',
    'Aromat': 'Aromat',
    'Artischocken': 'Artischocken',
    'Aubergine': 'Aubergine',
    'Aufbackbrötchen': 'Aufbackbrötchen',
    'Aufschnitt': 'Aufschnitt',
    'Avocado': 'Avocado',
    'BBQ Sauce': 'BBQ Sauce',
    'Babynahrung': 'Babynahrung',
    'Backpapier': 'Backpapier',
    'Backpulver': 'Backpulver',
    'Bacon': 'Bacon',
    'Badreiniger': 'Badreiniger',
    'Baguette': 'Baguette',
    'Ballon': 'Ballon',
    'Balsamico': 'Balsamico',
    'Bananen': 'Bananen',
    'Basilikum': 'Basilikum',
    'Basmatireis': 'Basmatireis',
    'Batterien': 'Batterien',
    'Baumarkt & Garten': 'Baumarkt & Garten',
    'Baumnüsse': 'Baumnüsse',
    'Beeren': 'Beeren',
    'Besteck': 'Besteck',
    'Bier': 'Bier',
    'Binden': 'Binden',
    'Birnen': 'Birnen',
    'Blasenpflaster': 'Blasenpflaster',
    'Blauschimmelkäse': 'Blauschimmelkäse',
    'Blumen': 'Blumen',
    'Blumenerde': 'Blumenerde',
    'Blumenkohl': 'Blumenkohl',
    'Blätterteig': 'Blätterteig',
    'Bodylotion': 'Bodylotion',
    'Bohnen': 'Bohnen',
    'Bouillon': 'Bouillon',
    'Bratensauce': 'Bratensauce',
    'Bratwurst': 'Bratwurst',
    'Bresaola': 'Bresaola',
    'Brezeln': 'Brezeln',
    'Brie': 'Brie',
    'Bring!': 'Bring!',
    'Brokkoli': 'Brokkoli',
    'Brombeeren': 'Brombeeren',
    'Brot': 'Brot',
    'Brot & Gebäck': 'Brot & Gebäck',
    'Brötchen': 'Brötchen',
    'Burrata': 'Burrata',
    'Butter': 'Butter',
    'Buttermilch': 'Buttermilch',
    'Bündnerfleisch': 'Bündnerfleisch',
    'Camembert': 'Camembert',
    'Cervelat': 'Cervelat',
    'Champagner': 'Champagner',
    'Champignons': 'Champignons',
    'Cherrytomaten': 'Cherrytomaten',
    'Chicken Wings': 'Chicken Wings',
    'Chinese To Go': 'Chinesisches Essen',
    'Ciabatta': 'Ciabatta',
    'Cidre': 'Cidre',
    'Cola': 'Cola',
    'Cola Light': 'Cola Light',
    'Conditioner': 'Conditioner',
    'Cordon Bleu': 'Cordon Bleu',
    'Corn Flakes': 'Corn Flakes',
    'Couscous': 'Couscous',
    'Cranberrys': 'Cranberrys',
    'Creme fraiche': 'Creme fraiche',
    'Datteln': 'Datteln',
    'Deo': 'Deo',
    'Dessert': 'Dessert',
    'Dill': 'Dill',
    'Dinkelmehl': 'Dinkelmehl',
    'Dip': 'Dip',
    'Duschmittel': 'Duschmittel',
    'Dörrobst': 'Dörrobst',
    'Dünger': 'Dünger',
    'Eier': 'Eier',
    'Eigene Artikel': 'Eigene Artikel',
    'Eistee': 'Eistee',
    'Eiswürfel': 'Eiswürfel',
    'Energy Drink': 'Energy Drink',
    'Erbsen': 'Erbsen',
    'Erdbeeren': 'Erdbeeren',
    'Erdnüsse': 'Erdnüsse',
    'Essig': 'Essig',
    'Essiggurken': 'Essiggurken',
    'Feigen': 'Feigen',
    'Fenchel': 'Fenchel',
    'Fertig- & Tiefkühlprodukte': 'Fertig- & Tiefkühlprodukte',
    'Festtagsartikel': 'Festtagsartikel',
    'Feta': 'Feta',
    'Feuchttücher': 'Feuchttücher',
    'Fisch': 'Fisch',
    'Fischfutter': 'Fischfutter',
    'Fischstäbli': 'Fischstäbli',
    'Fleisch': 'Fleisch',
    'Fleisch & Fisch': 'Fleisch & Fisch',
    'Fleischwurst': 'Fleischwurst',
    'Fondue': 'Fondue',
    'Frankfurter': 'Wienerli',
    'Frischhaltefolie': 'Frischhaltefolie',
    'Frischkäse': 'Frischkäse',
    'Fruchtsaft': 'Fruchtsaft',
    'Früchte': 'Früchte',
    'Früchte & Gemüse': 'Früchte & Gemüse',
    'Frühlingszwiebeln': 'Frühlingszwiebeln',
    'Fussball-Fest': 'Fussball-Fest',
    'Garnelen': 'Garnelen',
    'Gartenwerkzeug': 'Gartenwerkzeug',
    'Gelee': 'Gelee',
    'Gemüse': 'Gemüse',
    'Gemüse gefroren': 'Gemüse gefroren',
    'Geschenk': 'Geschenk',
    'Geschenkpapier': 'Geschenkpapier',
    'Geschirrglanz': 'Geschirrglanz',
    'Geschirrsalz': 'Geschirrsalz',
    'Geschirrtabs': 'Geschirrtabs',
    'Gesichtscreme': 'Gesichtscreme',
    'Getreideprodukte': 'Getreideprodukte',
    'Getreideriegel': 'Getreideriegel',
    'Getränke': 'Getränke',
    'Getränke & Tabak': 'Getränke',
    'Giesskanne': 'Giesskanne',
    'Gin': 'Gin',
    'Gipfeli': 'Gipfeli',
    'Glacé': 'Glacé',
    'Glasreiniger': 'Glasreiniger',
    'Glühbirne': 'Glühbirne',
    'Glühwein': 'Glühwein',
    'Gnocchi': 'Gnocchi',
    'Gorgonzola': 'Gorgonzola',
    'Gouda': 'Gouda',
    'Granatapfel': 'Granatapfel',
    'Grapefruit': 'Grapefruit',
    'Griess': 'Griess',
    'Grill': 'Grill',
    'Grillartikel': 'Grillartikel',
    'Grillfleisch': 'Grillfleisch',
    'Grissini': 'Grissini',
    'Grüne Bohnen': 'Grüne Bohnen',
    'Grünkohl': 'Grünkohl',
    'Guetzli': 'Guetzli',
    'Gurke': 'Gurke',
    'Haargel': 'Haargel',
    'Haarspray': 'Haarspray',
    'Hackfleisch': 'Hackfleisch',
    'Haferflocken': 'Haferflocken',
    'Hafermilch': 'Hafermilch',
    'Handcreme': 'Handcreme',
    'Haselnüsse': 'Haselnüsse',
    'Haushalt & Gesundheit': 'Haushalt',
    'Haushaltspapier': 'Haushaltspapier',
    'Hefe': 'Hefe',
    'Heidelbeeren': 'Heidelbeeren',
    'Himbeeren': 'Himbeeren',
    'Holzkohle': 'Holzkohle',
    'Honig': 'Honig',
    'Hummus': 'Hummus',
    'Hundefutter': 'Hundefutter',
    'Hundesnack': 'Hundesnack',
    'Hüttenkäse': 'Hüttenkäse',
    'Indian To Go': 'Indisches Essen',
    'Ingwer': 'Ingwer',
    'Insektenschutzmittel': 'Insektenschutzmittel',
    'Italian To Go': 'Italienisches Essen',
    'Joghurt': 'Joghurt',
    'Kaffee': 'Kaffee',
    'Kaffeebohnen': 'Kaffeebohnen',
    'Kaffeekapseln': 'Kaffeekapseln',
    'Kaffeepads': 'Kaffeepads',
    'Kakao': 'Kakao',
    'Kaki': 'Kaki',
    'Kalbfleisch': 'Kalbfleisch',
    'Karotten': 'Karotten',
    'Kartoffeln': 'Kartoffeln',
    'Kartoffelstock': 'Kartoffelstock',
    'Kastanien': 'Marroni',
    'Katzenfutter': 'Katzenfutter',
    'Katzensnack': 'Katzensnack',
    'Katzenstreu': 'Katzenstreu',
    'Kaugummi': 'Kaugummi',
    'Kekse': 'Kekse',
    'Kerzen': 'Kerzen',
    'Ketchup': 'Ketchup',
    'Kichererbsen': 'Kichererbsen',
    'Kidneybohnen': 'Kidneybohnen',
    'Kirschen': 'Kirschen',
    'Kiwi': 'Kiwi',
    'Knoblauch': 'Knoblauch',
    'Knäckebrot': 'Knäckebrot',
    'Kochschinken': 'Kochschinken',
    'Kohl': 'Kohl',
    'Kohlrabi': 'Kohlrabi',
    'Kokosmilch': 'Kokosmilch',
    'Kokosnuss': 'Kokosnuss',
    'Kondome': 'Kondome',
    'Konfitüre': 'Konfitüre',
    'Koriander': 'Koriander',
    'Kosmetiktücher': 'Kosmetiktücher',
    'Kräuter': 'Kräuter',
    'Kräuterbutter': 'Kräuterbutter',
    'Kuchen': 'Kuchen',
    'Kuchenform': 'Kuchenform',
    'Kurkuma': 'Kurkuma',
    'Käse': 'Käse',
    'Kürbis': 'Kürbis',
    'Lachs': 'Lachs',
    'Lamm': 'Lamm',
    'Lasagne': 'Lasagne',
    'Lattich': 'Lattich',
    'Lauch': 'Lauch',
    'Lebensmittelfarbe': 'Lebensmittelfarbe',
    'Leberwurst': 'Leberwurst',
    'Lebkuchen': 'Lebkuchen',
    'Light Limonade': 'Light Limonade',
    'Limette': 'Limette',
    'Limonade': 'Limonade',
    'Linsen': 'Linsen',
    'Linsenmittel': 'Linsenmittel',
    'Lippenpomade': 'Lippenpomade',
    'Lorbeer': 'Lorbeer',
    'Mais': 'Mais',
    'Majoran': 'Majoran',
    'Makeup': 'Makeup',
    'Makeup Entferner': 'Makeup Entferner',
    'Mandarinen': 'Mandarinen',
    'Mandelmilch': 'Mandelmilch',
    'Mandelmus': 'Mandelmus',
    'Mandeln': 'Mandeln',
    'Mango': 'Mango',
    'Margarine': 'Margarine',
    'Mascarpone': 'Mascarpone',
    'Maultaschen': 'Maultaschen',
    'Mayonnaise': 'Mayonnaise',
    'Mehl': 'Mehl',
    'Melone': 'Melone',
    'Milch': 'Milch',
    'Milch & Käse': 'Milch & Käse',
    'Mineralwasser': 'Mineralwasser',
    'Mozzarella': 'Mozzarella',
    'Muffins': 'Muffins',
    'Mundspülung': 'Mundspülung',
    'Muscheln': 'Muscheln',
    'Müesli': 'Müesli',
    'Nagellack': 'Nagellack',
    'Nagellackentferner': 'Nagellackentferner',
    'Nektarine': 'Nektarine',
    'Nelken': 'Nelken',
    'Nougatcreme': 'Nougatcreme',
    'Nudeln': 'Nudeln',
    'Nägel': 'Nägel',
    'Nüsse': 'Nüsse',
    'Oliven': 'Oliven',
    'Olivenöl': 'Olivenöl',
    'Orange': 'Orange',
    'Orangensaft': 'Orangensaft',
    'Orecchiette': 'Orecchiette',
    'Oregano': 'Oregano',
    'Paniermehl': 'Paniermehl',
    'Papaya': 'Papaya',
    'Paprikapulver': 'Paprikapulver',
    'Parmesan': 'Parmesan',
    'Passionsfrucht': 'Passionsfrucht',
    'Pasta': 'Pasta',
    'Pasta Sauce': 'Pasta Sauce',
    'Pelati': 'Pelati',
    'Penne': 'Penne',
    'Peperoncini': 'Peperoncini',
    'Peperoni': 'Peperoni',
    'Pesto': 'Pesto',
    'Petersilie': 'Petersilie',
    'Pfanne': 'Pfanne',
    'Pfeffer': 'Pfeffer',
    'Pfefferkörner': 'Pfefferkörner',
    'Pfefferminze': 'Pfefferminze',
    'Pfirsich': 'Pfirsich',
    'Pflanzen': 'Pflanzen',
    'Pflaster': 'Pflaster',
    'Pflaumen': 'Pflaumen',
    'Pflege & Gesundheit': 'Pflege & Gesundheit',
    'Pilze': 'Pilze',
    'Pinienkerne': 'Pinienkerne',
    'Pinsel': 'Pinsel',
    'Pizza': 'Pizza',
    'Pizzateig': 'Pizzateig',
    'Pommes Chips': 'Pommes Chips',
    'Pommes Frites': 'Pommes Frites',
    'Pop Corn': 'Pop Corn',
    'Poulet': 'Poulet',
    'Pouletbrüstli': 'Pouletbrüstli',
    'Preiselbeer Sauce': 'Preiselbeer Sauce',
    'Propangas': 'Propangas',
    'Prosecco': 'Prosecco',
    'Pudding': 'Pudding',
    'Puddingpulver': 'Puddingpulver',
    'Puderzucker': 'Puderzucker',
    'Putzmittel': 'Putzmittel',
    'Quark': 'Quark',
    'Raclette': 'Raclette',
    'Radieschen': 'Radieschen',
    'Rahm': 'Rahm',
    'Rasenmäher': 'Rasenmäher',
    'Rasierer': 'Rasierer',
    'Rasierklingen': 'Rasierklingen',
    'Rasierschaum': 'Rasierschaum',
    'Ravioli': 'Ravioli',
    'Reibkäse': 'Reibkäse',
    'Reis': 'Reis',
    'Rhabarber': 'Rhabarber',
    'Ricotta': 'Ricotta',
    'Rindfleisch': 'Rindfleisch',
    'Rindsgeschnetzeltes': 'Rindsgeschnetzeltes',
    'Risottoreis': 'Risottoreis',
    'Rohschinken': 'Rohschinken',
    'Rosinen': 'Rosinen',
    'Rosmarin': 'Rosmarin',
    'Rote Bete': 'Randen',
    'Rotwein': 'Rotwein',
    'Rucola': 'Rucola',
    'Rum': 'Rum',
    'Rösti': 'Rösti',
    'Safran': 'Safran',
    'Saft': 'Saft',
    'Salami': 'Salami',
    'Salat': 'Salat',
    'Salatsauce': 'Salatsauce',
    'Salbei': 'Salbei',
    'Salz': 'Salz',
    'Samen': 'Samen',
    'Sardellen': 'Sardellen',
    'Sauerkraut': 'Sauerkraut',
    'Sauerrahm': 'Sauerrahm',
    'Schere': 'Schere',
    'Schinken': 'Schinken',
    'Schmelzkäse': 'Schmelzkäse',
    'Schmerzmittel': 'Schmerzmittel',
    'Schnaps': 'Schnaps',
    'Schnittlauch': 'Schnittlauch',
    'Schnitzel': 'Schnitzel',
    'Schokolade': 'Schokolade',
    'Schrauben': 'Schrauben',
    'Schwamm': 'Schwamm',
    'Schweinefleisch': 'Schweinefleisch',
    'Seife': 'Seife',
    'Sellerie': 'Sellerie',
    'Senf': 'Senf',
    'Servietten': 'Servietten',
    'Shampoo': 'Shampoo',
    'Silberzwielen': 'Silberzwielen',
    'Sirup': 'Sirup',
    'Skyr': 'Skyr',
    'Smoothie': 'Smoothie',
    'Snacks': 'Snacks',
    'Snacks & Süsswaren': 'Snacks & Süsswaren',
    'Socken': 'Socken',
    'Sonnencreme': 'Sonnencreme',
    'Sonnenschirm': 'Sonnenschirm',
    'Soya Milch': 'Soja Drink',
    'Soyasauce': 'Sojasauce',
    'Spaghetti': 'Spaghetti',
    'Spargel': 'Spargel',
    'Speck': 'Speck',
    'Speisestärke': 'Speisestärke',
    'Spinat': 'Spinat',
    'Sportgetränk': 'Sportgetränk',
    'Spätzle': 'Spätzle',
    'Spülmittel': 'Spülmittel',
    'Steak': 'Steak',
    'Stifte': 'Stifte',
    'Streichhölzer': 'Streichhölzer',
    'Strohhalme': 'Strohhalme',
    'Suppe': 'Suppe',
    'Suppengrün': 'Suppengrün',
    'Süssigkeiten': 'Süssigkeiten',
    'Süsskartoffeln': 'Süsskartoffeln',
    'Tampons': 'Tampons',
    'Taschentücher': 'Taschentücher',
    'Tee': 'Tee',
    'Thai To Go': 'Thai Essen',
    'Thon': 'Thon',
    'Thunfisch': 'Thunfisch',
    'Thymian': 'Thymian',
    'Tierbedarf': 'Tierbedarf',
    'Toast': 'Toast',
    'Tofu': 'Tofu',
    'Tomaten': 'Tomaten',
    'Tomatenmark': 'Tomatenmark',
    'Tomatensauce': 'Tomatensauce',
    'Tonic Water': 'Tonic Water',
    'Torte': 'Torte',
    'Tortellini': 'Tortellini',
    'Tortilla Chips': 'Tortilla Chips',
    'Trauben': 'Trauben',
    'Töpfe': 'Töpfe',
    'Vanille': 'Vanille',
    'Vanille Sauce': 'Vanille Sauce',
    'Vanillezucker': 'Vanillezucker',
    'Vielen Dank': 'Vielen Dank',
    'Vitamine': 'Vitamine',
    'Vodka': 'Vodka',
    'Vogelfutter': 'Vogelfutter',
    'Vorgeschlagene Artikel': 'Vorgeschlagene Artikel',
    'WC-Papier': 'WC-Papier',
    'WC-Reiniger': 'WC-Reiniger',
    'WG-Artikel': 'WG-Artikel',
    'Waffeln': 'Waffeln',
    'Waschmittel': 'Waschmittel',
    'Wasser': 'Wasser',
    'Wassermelone': 'Wassermelone',
    'Watterondellen': 'Watterondellen',
    'Wattestäbchen': 'Wattestäbchen',
    'Weichspüler': 'Weichspüler',
    'Weisswein': 'Weisswein',
    'Whisky': 'Whisky',
    'Windeln': 'Windeln',
    'Wurst': 'Wurst',
    'Zahnbürsten': 'Zahnbürsten',
    'Zahnpasta': 'Zahnpasta',
    'Zahnseide': 'Zahnseide',
    'Zahnstocher': 'Zahnstocher',
    'Zigaretten': 'Zigaretten',
    'Zigarren': 'Zigarren',
    'Zimt': 'Zimt',
    'Zitrone': 'Zitrone',
    'Zitronensaft': 'Zitronensaft',
    'Zopf': 'Zopf',
    'Zucchetti': 'Zucchetti',
    'Zucker': 'Zucker',
    'Zuletzt verwendet': 'Zuletzt verwendet',
    'Zutaten & Gewürze': 'Zutaten & Gewürze',
    'Zwetschgen': 'Zwetschgen',
    'Zwiebeln': 'Zwiebeln',
    'getrocknete Tomaten': 'Getrocknete Tomaten',
    'Äpfel': 'Äpfel',
    'Öl': 'Öl',
  })
# ---
