# serializer version: 1
# name: test_get_activity
  BringActivityResponse(timeline=[Activity(type=<ActivityType.LIST_ITEMS_CHANGED: 'LIST_ITEMS_CHANGED'>, content=ActivityContent(uuid='673594a9-f92d-4cb6-adf1-d2f7a83207a4', sessionDate=datetime.datetime(2025, 1, 1, 3, 9, 33, 36000, tzinfo=datetime.timezone.utc), publicUserUuid='98615d7e-0a7d-4a7e-8f73-a9cbb9f1bc32', items=[], purchase=[BringPurchase(uuid='658a3770-1a03-4ee0-94a6-10362a642377', itemId='Gurke', specification='', attributes=[])], recently=[BringPurchase(uuid='1ed22d3d-f19b-4530-a518-19872da3fd3e', itemId='Milch', specification='', attributes=[])])), Activity(type=<ActivityType.LIST_ITEMS_ADDED: 'LIST_ITEMS_ADDED'>, content=ActivityContent(uuid='9a16635c-dea2-4e00-904a-c5034f9cfecf', sessionDate=datetime.datetime(2025, 1, 1, 2, 54, 57, 656000, tzinfo=datetime.timezone.utc), publicUserUuid='6743a171-247d-46d0-bc06-baf31194f949', items=[BringPurchase(uuid='66a633a2-ae09-47bf-8845-3c0198480544', itemId='Joghurt', specification='', attributes=[])], purchase=[], recently=[])), Activity(type=<ActivityType.LIST_ITEMS_REMOVED: 'LIST_ITEMS_REMOVED'>, content=ActivityContent(uuid='303dedf6-d4b2-4d25-a8cd-1c7967b84fcb', sessionDate=datetime.datetime(2025, 1, 1, 3, 9, 12, 380000, tzinfo=datetime.timezone.utc), publicUserUuid='6d79d10b-70b2-443f-9f7e-0b02e670c402', items=[BringPurchase(uuid='2ba8ddb6-01c6-4b0b-a89d-f3da6b291528', itemId='Tofu', specification='', attributes=[])], purchase=[], recently=[]))], timestamp=datetime.datetime(2025, 1, 1, 3, 9, 33, 36000, tzinfo=datetime.timezone.utc), totalEvents=2)
# ---
