# serializer version: 1
# name: TestGetActivity.test_get_activity
  BringActivityResponse(timeline=[Activity(type=<ActivityType.LIST_ITEMS_CHANGED: 'LIST_ITEMS_CHANGED'>, content=ActivityContent(uuid='673594a9-f92d-4cb6-adf1-d2f7a83207a4', sessionDate=datetime.datetime(2025, 1, 1, 3, 9, 33, 36000, tzinfo=datetime.timezone.utc), publicUserUuid='98615d7e-0a7d-4a7e-8f73-a9cbb9f1bc32', items=[], purchase=[BringPurchase(uuid='658a3770-1a03-4ee0-94a6-10362a642377', itemId='Gurke', specification='', attributes=[])], recently=[BringPurchase(uuid='1ed22d3d-f19b-4530-a518-19872da3fd3e', itemId='Milch', specification='', attributes=[])])), Activity(type=<ActivityType.LIST_ITEMS_ADDED: 'LIST_ITEMS_ADDED'>, content=ActivityContent(uuid='9a16635c-dea2-4e00-904a-c5034f9cfecf', sessionDate=datetime.datetime(2025, 1, 1, 2, 54, 57, 656000, tzinfo=datetime.timezone.utc), publicUserUuid='6743a171-247d-46d0-bc06-baf31194f949', items=[BringPurchase(uuid='66a633a2-ae09-47bf-8845-3c0198480544', itemId='Joghurt', specification='', attributes=[])], purchase=[], recently=[])), Activity(type=<ActivityType.LIST_ITEMS_REMOVED: 'LIST_ITEMS_REMOVED'>, content=ActivityContent(uuid='303dedf6-d4b2-4d25-a8cd-1c7967b84fcb', sessionDate=datetime.datetime(2025, 1, 1, 3, 9, 12, 380000, tzinfo=datetime.timezone.utc), publicUserUuid='6d79d10b-70b2-443f-9f7e-0b02e670c402', items=[BringPurchase(uuid='2ba8ddb6-01c6-4b0b-a89d-f3da6b291528', itemId='Tofu', specification='', attributes=[])], purchase=[], recently=[]))], timestamp=datetime.datetime(2025, 1, 1, 3, 9, 33, 36000, tzinfo=datetime.timezone.utc), totalEvents=2)
# ---
# name: TestGetAllItemDetails.test_get_all_item_details
  BringListItemsDetailsResponse(items=[BringListItemDetails(uuid='bfb5634c-d219-4d66-b68e-1388e54f0bb0', itemId='Milchreis', listUuid='00000000-0000-0000-0000-000000000000', userIconItemId='Reis', userSectionId='Getreideprodukte', assignedTo='', imageUrl=''), BringListItemDetails(uuid='0056b23c-7fc3-44da-8c34-426f8b632220', itemId='Zitronensaft', listUuid='00000000-0000-0000-0000-000000000000', userIconItemId='Zitrone', userSectionId='Zutaten & Gewürze', assignedTo='', imageUrl='')])
# ---
# name: TestGetAllUserSettings.test_get_all_user_settings
  BringUserSettingsResponse(usersettings=[BringUserSettingsEntry(key='autoPush', value='ON'), BringUserSettingsEntry(key='purchaseStyle', value='grouped'), BringUserSettingsEntry(key='premiumHideSponsoredCategories', value='OFF'), BringUserSettingsEntry(key='premiumHideInspirationsBadge', value='OFF'), BringUserSettingsEntry(key='premiumHideOffersBadge', value='OFF'), BringUserSettingsEntry(key='premiumHideOffersOnMain', value='OFF'), BringUserSettingsEntry(key='defaultListUUID', value='xxxxxxxx-xxxx-xxxx-xxxx-xxxxxxxx'), BringUserSettingsEntry(key='discountActivatorOnMainEnabled', value='OFF'), BringUserSettingsEntry(key='onboardClient', value='android')], userlistsettings=[BringUserListSettingEntry(listUuid='00000000-0000-0000-0000-000000000000', usersettings=[BringUserSettingsEntry(key='listSectionOrder', value='["Früchte & Gemüse","Brot & Gebäck","Milch & Käse","Fleisch & Fisch","Zutaten & Gewürze","Fertig- & Tiefkühlprodukte","Getreideprodukte","Snacks & Süsswaren","Getränke & Tabak","Haushalt & Gesundheit","Pflege & Gesundheit","Tierbedarf","Baumarkt & Garten","Eigene Artikel"]'), BringUserSettingsEntry(key='listArticleLanguage', value='de-DE')])])
# ---
# name: TestGetList.test_get_list
  BringItemsResponse(uuid='00000000-0000-0000-0000-000000000000', status=<Status.SHARED: 'SHARED'>, items=Items(purchase=[BringPurchase(uuid='43bdd5a2-740a-4230-8b27-d0bbde886da7', itemId='Paprika', specification='grün', attributes=[]), BringPurchase(uuid='2de9d1c0-c211-4129-b6c5-c1260c3fc735', itemId='Zucchetti', specification='gelb', attributes=[])], recently=[BringPurchase(uuid='5681ed79-c8e4-4c8b-95ec-112999d016c0', itemId='Paprika', specification='rot', attributes=[]), BringPurchase(uuid='01eea2cd-f433-4263-ad08-3d71317c4298', itemId='Pouletbrüstli', specification='', attributes=[])]))
# ---
# name: TestGetListUsers.test_get_lists_users
  BringUsersResponse(users=[BringUser(publicUuid='98615d7e-0a7d-4a7e-8f73-a9cbb9f1bc32', pushEnabled=True, plusTryOut=False, country='DE', language='de', name='NAME', email='EMAIL', photoPath=''), BringUser(publicUuid='73af455f-c158-4004-a5e0-79f4f8a6d4bd', pushEnabled=True, plusTryOut=False, country='US', language='en', name='NAME', email='EMAIL', photoPath=''), BringUser(publicUuid='7d5e9d08-877a-4c36-8740-a9bf74ec690a', pushEnabled=True, plusTryOut=False, country='US', language='en', name=None, email=None, photoPath=None)])
# ---
# name: TestGetUserAccount.test_get_user_account
  BringSyncCurrentUserResponse(email='{email}', emailVerified=True, premiumConfiguration={'hasPremium': False, 'hideSponsoredProducts': False, 'hideSponsoredTemplates': False, 'hideSponsoredPosts': False, 'hideSponsoredCategories': False, 'hideOffersOnMain': False}, publicUserUuid='00000000-0000-0000-0000-000000000000', userLocale=UserLocale(language='de', country='DE'), userUuid='00000000-0000-0000-0000-000000000000', name='{user_name}', photoPath='bring/user/portrait/xxxxxxxx-xxxx-xxxx-xxxx-xxxxxxxx')
# ---
# name: TestLoadLists.test_load_lists
  BringListResponse(lists=[BringList(listUuid='00000000-0000-0000-0000-000000000000', name='Einkauf', theme='ch.publisheria.bring.theme.home')])
# ---
# name: TestLogin.test_login
  BringAuthResponse(uuid='00000000-0000-0000-0000-000000000000', publicUuid='00000000-0000-0000-0000-000000000000', bringListUUID='00000000-0000-0000-0000-000000000000', access_token='ACCESS_TOKEN', refresh_token='REFRESH_TOKEN', token_type='Bearer', expires_in=604799, photoPath='', email='EMAIL', name='NAME')
# ---
# name: TestRetrieveNewAccessToken.test_retrieve_new_access_token
  BringAuthTokenResponse(access_token='{access_token}', refresh_token='{refresh_token}', token_type='Bearer', expires_in=604799)
# ---
