# serializer version: 1
# name: test_create_template
  BringTemplate(name='Erdnusspfanne', author='Chefkoch', tagline=None, linkOutUrl='https://www.chefkoch.de/rezepte/3844601585665452/Erdnusspfanne.html', imageUrl='https://img.chefkoch-cdn.de/rezepte/3844601585665452/bilder/1296333/crop-960x720/erdnusspfanne.jpg', imageWidth=960, imageHeight=720, items=[], requestQuantity=None, baseQuantity=None, time=None, ingredients=[], likeCount=38, tags=['bring_recipe_parser', 'vegetarisch', 'Gemüse', 'chefkoch.de', 'Pilze', 'Hauptspeise', 'einfach', 'vegan', 'Schnell', 'gekocht'], enableQuantityChange=True, uuid='98ad5860-e8d2-4e3f-8c9e-0fe3f59eec8a', contentUuid='647a2a25-e158-4747-a9f4-2c5887ac840d', contentVersion=1, campaign=None, title='Erdnusspfanne', importCount=0, template_type=<TemplateType.RECIPE: 'RECIPE'>, isPromoted=None, isAd=None, contentSrcUrl='https://api.getbring.com/rest/v2/bringtemplates/content/647a2a25-e158-4747-a9f4-2c5887ac840d', attribution='', attributionSubtitle='', attributionIcon='')
# ---
# name: test_parse_recipe
  BringTemplate(name='Erdnusspfanne', author='Chefkoch', tagline='Gesamtzeit ca. 35 Minuten', linkOutUrl='https://www.chefkoch.de/rezepte/3844601585665452/Erdnusspfanne.html', imageUrl='https://img.chefkoch-cdn.de/rezepte/3844601585665452/bilder/1296333/crop-960x720/erdnusspfanne.jpg', imageWidth=960, imageHeight=720, items=[Ingredient(itemId='Tofu', stock=False, spec='1 Pck., (200 g)', altIcon=None, altSection=None), Ingredient(itemId='Paprikaschote(n)', stock=False, spec='1', altIcon='Peperoni', altSection='Früchte & Gemüse'), Ingredient(itemId='Champignons', stock=False, spec='250g', altIcon=None, altSection=None), Ingredient(itemId='Zwiebel(n)', stock=False, spec='1', altIcon='Zwiebeln', altSection='Früchte & Gemüse'), Ingredient(itemId='Knoblauchzehe(n)', stock=False, spec='1', altIcon='Knoblauch', altSection='Früchte & Gemüse'), Ingredient(itemId='Erdnusscreme', stock=False, spec='3 EL', altIcon='Nougatcreme', altSection='Snacks & Süsswaren'), Ingredient(itemId='Soyasauce', stock=False, spec='3 EL', altIcon=None, altSection=None), Ingredient(itemId='Gemüsebrühe', stock=False, spec='200ml', altIcon='Bouillon', altSection='Zutaten & Gewürze'), Ingredient(itemId='Hafermilch (Haferdrink)', stock=False, spec='300ml, oder Sojadrink', altIcon='Milch', altSection='Milch & Käse'), Ingredient(itemId='Salz und Pfeffer', stock=True, spec=None, altIcon='Salz', altSection=None), Ingredient(itemId='Currypulver', stock=False, spec=None, altIcon='Paprikapulver', altSection='Zutaten & Gewürze'), Ingredient(itemId='Chilipulver', stock=False, spec=None, altIcon='Paprikapulver', altSection='Zutaten & Gewürze'), Ingredient(itemId='Petersilie', stock=False, spec='optional', altIcon=None, altSection=None), Ingredient(itemId='Kokosöl', stock=False, spec=None, altIcon='Öl', altSection='Zutaten & Gewürze')], requestQuantity='4', baseQuantity=4, time='PT35M', ingredients=[Ingredient(itemId='Tofu', stock=False, spec='1 Pck., (200 g)', altIcon=None, altSection=None), Ingredient(itemId='Paprikaschote(n)', stock=False, spec='1', altIcon='Peperoni', altSection='Früchte & Gemüse'), Ingredient(itemId='Champignons', stock=False, spec='250g', altIcon=None, altSection=None), Ingredient(itemId='Zwiebel(n)', stock=False, spec='1', altIcon='Zwiebeln', altSection='Früchte & Gemüse'), Ingredient(itemId='Knoblauchzehe(n)', stock=False, spec='1', altIcon='Knoblauch', altSection='Früchte & Gemüse'), Ingredient(itemId='Erdnusscreme', stock=False, spec='3 EL', altIcon='Nougatcreme', altSection='Snacks & Süsswaren'), Ingredient(itemId='Soyasauce', stock=False, spec='3 EL', altIcon=None, altSection=None), Ingredient(itemId='Gemüsebrühe', stock=False, spec='200ml', altIcon='Bouillon', altSection='Zutaten & Gewürze'), Ingredient(itemId='Hafermilch (Haferdrink)', stock=False, spec='300ml, oder Sojadrink', altIcon='Milch', altSection='Milch & Käse'), Ingredient(itemId='Salz und Pfeffer', stock=True, spec=None, altIcon='Salz', altSection=None), Ingredient(itemId='Currypulver', stock=False, spec=None, altIcon='Paprikapulver', altSection='Zutaten & Gewürze'), Ingredient(itemId='Chilipulver', stock=False, spec=None, altIcon='Paprikapulver', altSection='Zutaten & Gewürze'), Ingredient(itemId='Petersilie', stock=False, spec='optional', altIcon=None, altSection=None), Ingredient(itemId='Kokosöl', stock=False, spec=None, altIcon='Öl', altSection='Zutaten & Gewürze')], likeCount=38, tags=['bring_recipe_parser', 'Gemüse', 'bring_mealDiet_vegetarian', 'bring_mealType_easy', 'chefkoch.de', 'Pilze', 'vegan', 'bring_mealType_mainCourse', 'gekocht'], enableQuantityChange=True, uuid=None, contentUuid=None, contentVersion=None, campaign=None, title=None, importCount=None, template_type=<TemplateType.TEMPLATE: 'TEMPLATE'>, isPromoted=None, isAd=None, contentSrcUrl=None, attribution=None, attributionSubtitle=None, attributionIcon=None)
# ---
